// Jest Snapshot v1, https://goo.gl/fbAQLP

exports[`<Status /> should render a pink counter and a white label, both centralized by default 1`] = `
.c0 {
  text-align: center;
}

.c1 {
  display: block;
  padding-bottom: 0.8rem;
  font-size: 2.8rem;
  font-weight: 800;
  color: #FF007F;
}

.c2 {
  font-size: 1.6rem;
  font-weight: 400;
  color: #FFFFFF;
}

<div
  class="c0"
>
  <span
    class="c1"
  >
    7
  </span>
  <span
    class="c2"
  >
    followers
  </span>
</div>
`;
